#
# There is insufficient memory for the Java Runtime Environment to continue.
# Native memory allocation (malloc) failed to allocate 1048576 bytes. Error detail: AllocateHeap
# Possible reasons:
#   The system is out of physical RAM or swap space
#   This process is running with CompressedOops enabled, and the Java Heap may be blocking the growth of the native heap
# Possible solutions:
#   Reduce memory load on the system
#   Increase physical memory or swap space
#   Check if swap backing store is full
#   Decrease Java heap size (-Xmx/-Xms)
#   Decrease number of Java threads
#   Decrease Java thread stack sizes (-Xss)
#   Set larger code cache with -XX:ReservedCodeCacheSize=
#   JVM is running with Unscaled Compressed Oops mode in which the Java heap is
#     placed in the first 4GB address space. The Java Heap base address is the
#     maximum limit for the native heap growth. Please use -XX:HeapBaseMinAddress
#     to set the Java Heap base and to place the Java Heap above 4GB virtual address.
# This output file may be truncated or incomplete.
#
#  Out of Memory Error (allocation.cpp:44), pid=9448, tid=23280
#
# JRE version: OpenJDK Runtime Environment Temurin-21.0.11+10 (21.0.11+10) (build 21.0.11+10-LTS)
# Java VM: OpenJDK 64-Bit Server VM Temurin-21.0.11+10 (21.0.11+10-LTS, mixed mode, sharing, tiered, compressed oops, compressed class ptrs, parallel gc, windows-amd64)
# No core dump will be written. Minidumps are not enabled by default on client versions of Windows
#

---------------  S U M M A R Y ------------

Command Line: --add-modules=ALL-SYSTEM --add-opens=java.base/java.util=ALL-UNNAMED --add-opens=java.base/java.lang=ALL-UNNAMED --add-opens=java.base/sun.nio.fs=ALL-UNNAMED -Declipse.application=org.eclipse.jdt.ls.core.id1 -Dosgi.bundles.defaultStartLevel=4 -Declipse.product=org.eclipse.jdt.ls.core.product -Djava.import.generatesMetadataFilesAtProjectRoot=false -DDetectVMInstallationsJob.disabled=true -Dfile.encoding=utf8 -XX:+UseParallelGC -XX:GCTimeRatio=4 -XX:AdaptiveSizePolicyWeight=90 -Dsun.zip.disableMemoryMapping=true -Xmx2G -Xms100m -Xlog:disable -javaagent:c:\Users\pareshkumarl\.vscode\extensions\redhat.java-1.55.0-win32-x64\lombok\lombok-1.18.39-4050.jar -XX:+HeapDumpOnOutOfMemoryError -XX:HeapDumpPath=c:\Users\pareshkumarl\AppData\Roaming\Code\User\workspaceStorage\99d1e9c0e10a09dd2506a2ba53b1f832\redhat.java -Daether.dependencyCollector.impl=bf c:\Users\pareshkumarl\.vscode\extensions\redhat.java-1.55.0-win32-x64\server\plugins\org.eclipse.equinox.launcher_1.7.200.v20260619-2039.jar -configuration c:\Users\pareshkumarl\AppData\Roaming\Code\User\globalStorage\redhat.java\1.55.0\config_win -data c:\Users\pareshkumarl\AppData\Roaming\Code\User\workspaceStorage\99d1e9c0e10a09dd2506a2ba53b1f832\redhat.java\jdt_ws --pipe=\\.\pipe\lsp-fd2cbc060161d58ef2dc7071f48a7e45-sock

Host: Intel(R) Xeon(R) 6730P, 4 cores, 15G,  Windows 11 , 64 bit Build 26100 (10.0.26100.8875)
Time: Tue Aug  4 10:00:43 2026 India Standard Time elapsed time: 64422.212056 seconds (0d 17h 53m 42s)

---------------  T H R E A D  ---------------

Current thread (0x0000023fba292210):  JavaThread "Attach Listener" daemon [_thread_in_vm, id=23280, stack(0x0000007e22000000,0x0000007e22100000) (1024K)]

Stack: [0x0000007e22000000,0x0000007e22100000]
Native frames: (J=compiled Java code, j=interpreted, Vv=VM code, C=native code)
V  [jvm.dll+0x6d7e19]
V  [jvm.dll+0x8b5096]
V  [jvm.dll+0x8b764e]
V  [jvm.dll+0x8b7d33]
V  [jvm.dll+0x284596]
V  [jvm.dll+0xc13c7]
V  [jvm.dll+0x6d86c9]
V  [jvm.dll+0x133616]
V  [jvm.dll+0x3f868e]
V  [jvm.dll+0x85fb0d]
V  [jvm.dll+0x6d664d]
C  [ucrtbase.dll+0x2cd30]
C  [KERNEL32.DLL+0x2e957]
C  [ntdll.dll+0xaad6c]


---------------  P R O C E S S  ---------------

Threads class SMR info:
_java_thread_list=0x0000024019016ce0, length=36, elements={
0x0000023fba39faa0, 0x0000023fba28af90, 0x0000023fba28dc30, 0x0000023fba2917b0,
0x0000023fba292210, 0x0000023fba293c80, 0x0000023fba2946e0, 0x0000023fba298e60,
0x0000023fba317b00, 0x0000024012b1bfa0, 0x0000024012c531d0, 0x00000240176ba700,
0x0000024017687be0, 0x000002401787c150, 0x000002401787c7c0, 0x0000024017d25640,
0x0000024017b38a60, 0x000002401744cb70, 0x00000240180516e0, 0x0000024018051d70,
0x0000024018052400, 0x00000240191ebbc0, 0x00000240191ea180, 0x00000240191e9af0,
0x00000240191eaea0, 0x00000240191ec250, 0x00000240191ecf70, 0x00000240191ed600,
0x000002401b821860, 0x000002401a9b6750, 0x000002401a9b4d10, 0x000002401a9b8eb0,
0x000002401b81e3e0, 0x000002401b822580, 0x00000240191f0a80, 0x00000240191f03f0
}

Java Threads: ( => current thread )
  0x0000023fba39faa0 JavaThread "main"                              [_thread_blocked, id=25840, stack(0x0000007e21900000,0x0000007e21a00000) (1024K)]
  0x0000023fba28af90 JavaThread "Reference Handler"          daemon [_thread_blocked, id=4820, stack(0x0000007e21d00000,0x0000007e21e00000) (1024K)]
  0x0000023fba28dc30 JavaThread "Finalizer"                  daemon [_thread_blocked, id=20876, stack(0x0000007e21e00000,0x0000007e21f00000) (1024K)]
  0x0000023fba2917b0 JavaThread "Signal Dispatcher"          daemon [_thread_blocked, id=22176, stack(0x0000007e21f00000,0x0000007e22000000) (1024K)]
=>0x0000023fba292210 JavaThread "Attach Listener"            daemon [_thread_in_vm, id=23280, stack(0x0000007e22000000,0x0000007e22100000) (1024K)]
  0x0000023fba293c80 JavaThread "Service Thread"             daemon [_thread_blocked, id=21904, stack(0x0000007e22100000,0x0000007e22200000) (1024K)]
  0x0000023fba2946e0 JavaThread "Monitor Deflation Thread"   daemon [_thread_blocked, id=12688, stack(0x0000007e22200000,0x0000007e22300000) (1024K)]
  0x0000023fba298e60 JavaThread "C2 CompilerThread0"         daemon [_thread_blocked, id=8212, stack(0x0000007e22300000,0x0000007e22400000) (1024K)]
  0x0000023fba317b00 JavaThread "C1 CompilerThread0"         daemon [_thread_blocked, id=23696, stack(0x0000007e22400000,0x0000007e22500000) (1024K)]
  0x0000024012b1bfa0 JavaThread "Common-Cleaner"             daemon [_thread_blocked, id=22596, stack(0x0000007e22500000,0x0000007e22600000) (1024K)]
  0x0000024012c531d0 JavaThread "Notification Thread"        daemon [_thread_blocked, id=17612, stack(0x0000007e22600000,0x0000007e22700000) (1024K)]
  0x00000240176ba700 JavaThread "Active Thread: Equinox Container: 3f19abca-6ae4-46bc-83e6-0f472c303908"        [_thread_blocked, id=23420, stack(0x0000007e22b00000,0x0000007e22c00000) (1024K)]
  0x0000024017687be0 JavaThread "Refresh Thread: Equinox Container: 3f19abca-6ae4-46bc-83e6-0f472c303908" daemon [_thread_blocked, id=21284, stack(0x0000007e22700000,0x0000007e22800000) (1024K)]
  0x000002401787c150 JavaThread "Framework Event Dispatcher: Equinox Container: 3f19abca-6ae4-46bc-83e6-0f472c303908" daemon [_thread_blocked, id=19904, stack(0x0000007e22c00000,0x0000007e22d00000) (1024K)]
  0x000002401787c7c0 JavaThread "Start Level: Equinox Container: 3f19abca-6ae4-46bc-83e6-0f472c303908" daemon [_thread_blocked, id=18192, stack(0x0000007e22d00000,0x0000007e22e00000) (1024K)]
  0x0000024017d25640 JavaThread "Bundle File Closer"         daemon [_thread_blocked, id=11892, stack(0x0000007e22f00000,0x0000007e23000000) (1024K)]
  0x0000024017b38a60 JavaThread "SCR Component Actor"        daemon [_thread_blocked, id=17392, stack(0x0000007e22e00000,0x0000007e22f00000) (1024K)]
  0x000002401744cb70 JavaThread "Worker-JM"                         [_thread_blocked, id=22736, stack(0x0000007e23100000,0x0000007e23200000) (1024K)]
  0x00000240180516e0 JavaThread "Java indexing"              daemon [_thread_blocked, id=16764, stack(0x0000007e23400000,0x0000007e23500000) (1024K)]
  0x0000024018051d70 JavaThread "JNA Cleaner"                daemon [_thread_blocked, id=23264, stack(0x0000007e23700000,0x0000007e23800000) (1024K)]
  0x0000024018052400 JavaThread "Thread-1"                   daemon [_thread_in_native, id=8520, stack(0x0000007e23c00000,0x0000007e23d00000) (1024K)]
  0x00000240191ebbc0 JavaThread "Thread-2"                   daemon [_thread_in_native, id=17568, stack(0x0000007e23d00000,0x0000007e23e00000) (1024K)]
  0x00000240191ea180 JavaThread "Thread-3"                   daemon [_thread_in_native, id=8000, stack(0x0000007e23e00000,0x0000007e23f00000) (1024K)]
  0x00000240191e9af0 JavaThread "Thread-4"                   daemon [_thread_in_native, id=7848, stack(0x0000007e23f00000,0x0000007e24000000) (1024K)]
  0x00000240191eaea0 JavaThread "Thread-5"                   daemon [_thread_in_native, id=15068, stack(0x0000007e24000000,0x0000007e24100000) (1024K)]
  0x00000240191ec250 JavaThread "pool-2-thread-1"                   [_thread_blocked, id=13684, stack(0x0000007e24100000,0x0000007e24200000) (1024K)]
  0x00000240191ecf70 JavaThread "WorkspaceEventsHandler"            [_thread_blocked, id=23952, stack(0x0000007e24300000,0x0000007e24400000) (1024K)]
  0x00000240191ed600 JavaThread "pool-1-thread-1"                   [_thread_blocked, id=18920, stack(0x0000007e24400000,0x0000007e24500000) (1024K)]
  0x000002401b821860 JavaThread "Cleaner-0"                  daemon [_thread_blocked, id=13580, stack(0x0000007e21800000,0x0000007e21900000) (1024K)]
  0x000002401a9b6750 JavaThread "Worker-48"                         [_thread_blocked, id=5572, stack(0x0000007e23000000,0x0000007e23100000) (1024K)]
  0x000002401a9b4d10 JavaThread "Worker-51"                         [_thread_blocked, id=20428, stack(0x0000007e23500000,0x0000007e23600000) (1024K)]
  0x000002401a9b8eb0 JavaThread "LocalFile Deleter"          daemon [_thread_blocked, id=19276, stack(0x0000007e23a00000,0x0000007e23b00000) (1024K)]
  0x000002401b81e3e0 JavaThread "Compiler Source File Reader" daemon [_thread_blocked, id=28176, stack(0x0000007e24700000,0x0000007e24800000) (1024K)]
  0x000002401b822580 JavaThread "Compiler Source File Reader" daemon [_thread_blocked, id=24460, stack(0x0000007e24800000,0x0000007e24900000) (1024K)]
  0x00000240191f0a80 JavaThread "Compiler Class File Writer" daemon [_thread_blocked, id=23764, stack(0x0000007e24b00000,0x0000007e24c00000) (1024K)]
  0x00000240191f03f0 JavaThread "Compiler Class File Writer" daemon [_thread_blocked, id=12080, stack(0x0000007e24c00000,0x0000007e24d00000) (1024K)]
Total: 36

Other Threads:
  0x0000023fba441c90 VMThread "VM Thread"                           [id=2860, stack(0x0000007e21c00000,0x0000007e21d00000) (1024K)]
  0x0000023fba40d550 WatcherThread "VM Periodic Task Thread"        [id=22584, stack(0x0000007e21b00000,0x0000007e21c00000) (1024K)]
  0x0000023fba3bf0b0 WorkerThread "GC Thread#0"                     [id=23612, stack(0x0000007e21a00000,0x0000007e21b00000) (1024K)]
  0x00000240170b3560 WorkerThread "GC Thread#1"                     [id=11852, stack(0x0000007e22800000,0x0000007e22900000) (1024K)]
  0x00000240170b3cc0 WorkerThread "GC Thread#2"                     [id=25712, stack(0x0000007e22900000,0x0000007e22a00000) (1024K)]
  0x00000240170b2e00 WorkerThread "GC Thread#3"                     [id=11304, stack(0x0000007e22a00000,0x0000007e22b00000) (1024K)]
Total: 6

Threads with active compile tasks:
Total: 0

VM state: not at safepoint (normal execution)

VM Mutex/Monitor currently owned by a thread: None

Heap address: 0x0000000080000000, size: 2048 MB, Compressed Oops mode: 32-bit

CDS archive(s) mapped at: [0x0000023fd1000000-0x0000023fd1ba0000-0x0000023fd1ba0000), size 12189696, SharedBaseAddress: 0x0000023fd1000000, ArchiveRelocationMode: 1.
Compressed class space mapped at: 0x0000023fd2000000-0x0000024012000000, reserved size: 1073741824
Narrow klass base: 0x0000023fd1000000, Narrow klass shift: 0, Narrow klass range: 0x100000000

GC Precious Log:
 CardTable entry size: 512
 CPUs: 4 total, 4 available
 Memory: 16382M
 Large Page Support: Disabled
 NUMA Support: Disabled
 Compressed Oops: Enabled (32-bit)
 Alignments: Space 512K, Generation 512K, Heap 2M
 Heap Min Capacity: 100M
 Heap Initial Capacity: 100M
 Heap Max Capacity: 2G
 Pre-touch: Disabled
 Parallel Workers: 4

Heap:
 PSYoungGen      total 11776K, used 7600K [0x00000000d5580000, 0x00000000d6280000, 0x0000000100000000)
  eden space 11264K, 66% used [0x00000000d5580000,0x00000000d5ccc2a8,0x00000000d6080000)
  from space 512K, 25% used [0x00000000d6180000,0x00000000d61a0000,0x00000000d6200000)
  to   space 512K, 0% used [0x00000000d6200000,0x00000000d6200000,0x00000000d6280000)
 ParOldGen       total 1110528K, used 1110399K [0x0000000080000000, 0x00000000c3c80000, 0x00000000d5580000)
  object space 1110528K, 99% used [0x0000000080000000,0x00000000c3c5fd80,0x00000000c3c80000)
 Metaspace       used 91822K, committed 93760K, reserved 1179648K
  class space    used 9180K, committed 10048K, reserved 1048576K

Card table byte_map: [0x0000023fb9d30000,0x0000023fba140000] _byte_map_base: 0x0000023fb9930000

Marking Bits: (ParMarkBitMap*) 0x00007ff973a04460
 Begin Bits: [0x0000023fcc840000, 0x0000023fce840000)
 End Bits:   [0x0000023fce840000, 0x0000023fd0840000)

Polling page: 0x0000023fb81c0000

Metaspace:

Usage:
  Non-class:     80.70 MB used.
      Class:      8.97 MB used.
       Both:     89.67 MB used.

Virtual space:
  Non-class space:      128.00 MB reserved,      81.75 MB ( 64%) committed,  2 nodes.
      Class space:        1.00 GB reserved,       9.81 MB ( <1%) committed,  1 nodes.
             Both:        1.12 GB reserved,      91.56 MB (  8%) committed. 

Chunk freelists:
   Non-Class:  13.72 MB
       Class:  6.30 MB
        Both:  20.02 MB

MaxMetaspaceSize: unlimited
CompressedClassSpaceSize: 1.00 GB
Initial GC threshold: 21.00 MB
Current GC threshold: 147.31 MB
CDS: on
 - commit_granule_bytes: 65536.
 - commit_granule_words: 8192.
 - virtual_space_node_default_size: 8388608.
 - enlarge_chunks_in_place: 1.
 - use_allocation_guard: 0.


Internal statistics:

num_allocs_failed_limit: 9.
num_arena_births: 1994.
num_arena_deaths: 468.
num_vsnodes_births: 3.
num_vsnodes_deaths: 0.
num_space_committed: 1488.
num_space_uncommitted: 16.
num_chunks_returned_to_freelist: 665.
num_chunks_taken_from_freelist: 6654.
num_chunk_merges: 174.
num_chunk_splits: 3889.
num_chunks_enlarged: 2265.
num_inconsistent_stats: 0.

CodeHeap 'non-profiled nmethods': size=120000Kb used=24390Kb max_used=24390Kb free=95609Kb
 bounds [0x0000023fc5060000, 0x0000023fc6840000, 0x0000023fcc590000]
CodeHeap 'profiled nmethods': size=120000Kb used=51159Kb max_used=51783Kb free=68840Kb
 bounds [0x0000023fbd590000, 0x0000023fc0830000, 0x0000023fc4ac0000]
CodeHeap 'non-nmethods': size=5760Kb used=1538Kb max_used=1610Kb free=4221Kb
 bounds [0x0000023fc4ac0000, 0x0000023fc4d30000, 0x0000023fc5060000]
CodeCache: size=245760Kb, used=77087Kb, max_used=77783Kb, free=168670Kb
 total_blobs=20909, nmethods=20058, adapters=753, full_count=0
Compilation: enabled, stopped_count=0, restarted_count=0

Compilation events (20 events):
Event: 64242.173 Thread 0x0000023fba298e60 24261       4       org.eclipse.jdt.internal.compiler.lookup.TypeBinding::collectMissingTypes (2 bytes)
Event: 64242.174 Thread 0x0000023fba298e60 nmethod 24261 0x0000023fc6831490 code [0x0000023fc6831620, 0x0000023fc68316a8]
Event: 64242.184 Thread 0x0000023fba317b00 24264       3       java.util.HashMap$ValueSpliterator::forEachRemaining (186 bytes)
Event: 64242.184 Thread 0x0000023fba317b00 nmethod 24264 0x0000023fbea06c90 code [0x0000023fbea06ea0, 0x0000023fbea07668]
Event: 64242.185 Thread 0x0000023fba317b00 24265       3       org.eclipse.jdt.internal.core.JavaProject::newSearchableNameEnvironment (7 bytes)
Event: 64242.185 Thread 0x0000023fba317b00 nmethod 24265 0x0000023fbea06810 code [0x0000023fbea069c0, 0x0000023fbea06b88]
Event: 64242.185 Thread 0x0000023fba317b00 24266       3       org.eclipse.jdt.internal.core.JavaProject::newSearchableNameEnvironment (12 bytes)
Event: 64242.185 Thread 0x0000023fba317b00 nmethod 24266 0x0000023fbea06390 code [0x0000023fbea06540, 0x0000023fbea06708]
Event: 64242.186 Thread 0x0000023fba317b00 24267       3       org.eclipse.jdt.internal.codeassist.SelectionEngine::<init> (91 bytes)
Event: 64242.188 Thread 0x0000023fba317b00 nmethod 24267 0x0000023fbea05210 code [0x0000023fbea05460, 0x0000023fbea05ed0]
Event: 64242.188 Thread 0x0000023fba317b00 24270       3       org.eclipse.jdt.internal.core.SourceRefElement::getCompilationUnit (9 bytes)
Event: 64242.188 Thread 0x0000023fba298e60 24271       4       org.eclipse.jdt.internal.compiler.lookup.CompilationUnitScope::findSingleImport (85 bytes)
Event: 64242.188 Thread 0x0000023fba317b00 nmethod 24270 0x0000023fbea04c90 code [0x0000023fbea04e40, 0x0000023fbea05110]
Event: 64242.188 Thread 0x0000023fba317b00 24268       3       org.eclipse.jdt.internal.codeassist.impl.Engine::<init> (95 bytes)
Event: 64242.189 Thread 0x0000023fba317b00 nmethod 24268 0x0000023fbea04410 code [0x0000023fbea04600, 0x0000023fbea04ab0]
Event: 64242.189 Thread 0x0000023fba317b00 24269       3       org.eclipse.jdt.internal.codeassist.SelectionEngine$1::<init> (14 bytes)
Event: 64242.189 Thread 0x0000023fba317b00 nmethod 24269 0x0000023fbea03e90 code [0x0000023fbea04040, 0x0000023fbea042c8]
Event: 64242.189 Thread 0x0000023fba298e60 nmethod 24271 0x0000023fc6831790 code [0x0000023fc6831920, 0x0000023fc6831a38]
Event: 64242.189 Thread 0x0000023fba317b00 24272       3       org.eclipse.jdt.internal.codeassist.impl.Engine::reset (12 bytes)
Event: 64242.189 Thread 0x0000023fba317b00 nmethod 24272 0x0000023fbea03a90 code [0x0000023fbea03c40, 0x0000023fbea03dd0]

GC Heap History (20 events):
Event: 64242.004 GC heap before
{Heap before GC invocations=2239 (full 5):
 PSYoungGen      total 11776K, used 10366K [0x00000000d5580000, 0x00000000d6280000, 0x0000000100000000)
  eden space 11264K, 87% used [0x00000000d5580000,0x00000000d5f2d3f0,0x00000000d6080000)
  from space 512K, 89% used [0x00000000d6180000,0x00000000d61f2588,0x00000000d6200000)
  to   space 512K, 0% used [0x00000000d6200000,0x00000000d6200000,0x00000000d6280000)
 ParOldGen       total 1103360K, used 1103262K [0x0000000080000000, 0x00000000c3580000, 0x00000000d5580000)
  object space 1103360K, 99% used [0x0000000080000000,0x00000000c3567aa0,0x00000000c3580000)
 Metaspace       used 91817K, committed 93760K, reserved 1179648K
  class space    used 9180K, committed 10048K, reserved 1048576K
}
Event: 64242.006 GC heap after
{Heap after GC invocations=2239 (full 5):
 PSYoungGen      total 11776K, used 154K [0x00000000d5580000, 0x00000000d6280000, 0x0000000100000000)
  eden space 11264K, 0% used [0x00000000d5580000,0x00000000d5580000,0x00000000d6080000)
  from space 512K, 30% used [0x00000000d6200000,0x00000000d6226900,0x00000000d6280000)
  to   space 512K, 0% used [0x00000000d6180000,0x00000000d6180000,0x00000000d6200000)
 ParOldGen       total 1103360K, used 1103270K [0x0000000080000000, 0x00000000c3580000, 0x00000000d5580000)
  object space 1103360K, 99% used [0x0000000080000000,0x00000000c3569aa0,0x00000000c3580000)
 Metaspace       used 91817K, committed 93760K, reserved 1179648K
  class space    used 9180K, committed 10048K, reserved 1048576K
}
Event: 64242.018 GC heap before
{Heap before GC invocations=2240 (full 5):
 PSYoungGen      total 11776K, used 11306K [0x00000000d5580000, 0x00000000d6280000, 0x0000000100000000)
  eden space 11264K, 99% used [0x00000000d5580000,0x00000000d60642a8,0x00000000d6080000)
  from space 512K, 30% used [0x00000000d6200000,0x00000000d6226900,0x00000000d6280000)
  to   space 512K, 0% used [0x00000000d6180000,0x00000000d6180000,0x00000000d6200000)
 ParOldGen       total 1103360K, used 1103270K [0x0000000080000000, 0x00000000c3580000, 0x00000000d5580000)
  object space 1103360K, 99% used [0x0000000080000000,0x00000000c3569aa0,0x00000000c3580000)
 Metaspace       used 91817K, committed 93760K, reserved 1179648K
  class space    used 9180K, committed 10048K, reserved 1048576K
}
Event: 64242.021 GC heap after
{Heap after GC invocations=2240 (full 5):
 PSYoungGen      total 11776K, used 282K [0x00000000d5580000, 0x00000000d6280000, 0x0000000100000000)
  eden space 11264K, 0% used [0x00000000d5580000,0x00000000d5580000,0x00000000d6080000)
  from space 512K, 55% used [0x00000000d6180000,0x00000000d61c6900,0x00000000d6200000)
  to   space 512K, 0% used [0x00000000d6200000,0x00000000d6200000,0x00000000d6280000)
 ParOldGen       total 1106432K, used 1106284K [0x0000000080000000, 0x00000000c3880000, 0x00000000d5580000)
  object space 1106432K, 99% used [0x0000000080000000,0x00000000c385b310,0x00000000c3880000)
 Metaspace       used 91817K, committed 93760K, reserved 1179648K
  class space    used 9180K, committed 10048K, reserved 1048576K
}
Event: 64242.037 GC heap before
{Heap before GC invocations=2241 (full 5):
 PSYoungGen      total 11776K, used 11546K [0x00000000d5580000, 0x00000000d6280000, 0x0000000100000000)
  eden space 11264K, 100% used [0x00000000d5580000,0x00000000d6080000,0x00000000d6080000)
  from space 512K, 55% used [0x00000000d6180000,0x00000000d61c6900,0x00000000d6200000)
  to   space 512K, 0% used [0x00000000d6200000,0x00000000d6200000,0x00000000d6280000)
 ParOldGen       total 1106432K, used 1106284K [0x0000000080000000, 0x00000000c3880000, 0x00000000d5580000)
  object space 1106432K, 99% used [0x0000000080000000,0x00000000c385b310,0x00000000c3880000)
 Metaspace       used 91817K, committed 93760K, reserved 1179648K
  class space    used 9180K, committed 10048K, reserved 1048576K
}
Event: 64242.040 GC heap after
{Heap after GC invocations=2241 (full 5):
 PSYoungGen      total 11776K, used 128K [0x00000000d5580000, 0x00000000d6280000, 0x0000000100000000)
  eden space 11264K, 0% used [0x00000000d5580000,0x00000000d5580000,0x00000000d6080000)
  from space 512K, 25% used [0x00000000d6200000,0x00000000d6220000,0x00000000d6280000)
  to   space 512K, 0% used [0x00000000d6180000,0x00000000d6180000,0x00000000d6200000)
 ParOldGen       total 1106432K, used 1106292K [0x0000000080000000, 0x00000000c3880000, 0x00000000d5580000)
  object space 1106432K, 99% used [0x0000000080000000,0x00000000c385d310,0x00000000c3880000)
 Metaspace       used 91817K, committed 93760K, reserved 1179648K
  class space    used 9180K, committed 10048K, reserved 1048576K
}
Event: 64242.059 GC heap before
{Heap before GC invocations=2242 (full 5):
 PSYoungGen      total 11776K, used 11392K [0x00000000d5580000, 0x00000000d6280000, 0x0000000100000000)
  eden space 11264K, 100% used [0x00000000d5580000,0x00000000d6080000,0x00000000d6080000)
  from space 512K, 25% used [0x00000000d6200000,0x00000000d6220000,0x00000000d6280000)
  to   space 512K, 0% used [0x00000000d6180000,0x00000000d6180000,0x00000000d6200000)
 ParOldGen       total 1106432K, used 1106292K [0x0000000080000000, 0x00000000c3880000, 0x00000000d5580000)
  object space 1106432K, 99% used [0x0000000080000000,0x00000000c385d310,0x00000000c3880000)
 Metaspace       used 91817K, committed 93760K, reserved 1179648K
  class space    used 9180K, committed 10048K, reserved 1048576K
}
Event: 64242.061 GC heap after
{Heap after GC invocations=2242 (full 5):
 PSYoungGen      total 11776K, used 506K [0x00000000d5580000, 0x00000000d6280000, 0x0000000100000000)
  eden space 11264K, 0% used [0x00000000d5580000,0x00000000d5580000,0x00000000d6080000)
  from space 512K, 98% used [0x00000000d6180000,0x00000000d61fe900,0x00000000d6200000)
  to   space 512K, 0% used [0x00000000d6200000,0x00000000d6200000,0x00000000d6280000)
 ParOldGen       total 1106944K, used 1106620K [0x0000000080000000, 0x00000000c3900000, 0x00000000d5580000)
  object space 1106944K, 99% used [0x0000000080000000,0x00000000c38af310,0x00000000c3900000)
 Metaspace       used 91817K, committed 93760K, reserved 1179648K
  class space    used 9180K, committed 10048K, reserved 1048576K
}
Event: 64242.076 GC heap before
{Heap before GC invocations=2243 (full 5):
 PSYoungGen      total 11776K, used 10827K [0x00000000d5580000, 0x00000000d6280000, 0x0000000100000000)
  eden space 11264K, 91% used [0x00000000d5580000,0x00000000d5f945d8,0x00000000d6080000)
  from space 512K, 98% used [0x00000000d6180000,0x00000000d61fe900,0x00000000d6200000)
  to   space 512K, 0% used [0x00000000d6200000,0x00000000d6200000,0x00000000d6280000)
 ParOldGen       total 1106944K, used 1106620K [0x0000000080000000, 0x00000000c3900000, 0x00000000d5580000)
  object space 1106944K, 99% used [0x0000000080000000,0x00000000c38af310,0x00000000c3900000)
 Metaspace       used 91817K, committed 93760K, reserved 1179648K
  class space    used 9180K, committed 10048K, reserved 1048576K
}
Event: 64242.079 GC heap after
{Heap after GC invocations=2243 (full 5):
 PSYoungGen      total 11776K, used 282K [0x00000000d5580000, 0x00000000d6280000, 0x0000000100000000)
  eden space 11264K, 0% used [0x00000000d5580000,0x00000000d5580000,0x00000000d6080000)
  from space 512K, 55% used [0x00000000d6200000,0x00000000d6246900,0x00000000d6280000)
  to   space 512K, 0% used [0x00000000d6180000,0x00000000d6180000,0x00000000d6200000)
 ParOldGen       total 1107456K, used 1107145K [0x0000000080000000, 0x00000000c3980000, 0x00000000d5580000)
  object space 1107456K, 99% used [0x0000000080000000,0x00000000c3932510,0x00000000c3980000)
 Metaspace       used 91817K, committed 93760K, reserved 1179648K
  class space    used 9180K, committed 10048K, reserved 1048576K
}
Event: 64242.093 GC heap before
{Heap before GC invocations=2244 (full 5):
 PSYoungGen      total 11776K, used 11546K [0x00000000d5580000, 0x00000000d6280000, 0x0000000100000000)
  eden space 11264K, 100% used [0x00000000d5580000,0x00000000d6080000,0x00000000d6080000)
  from space 512K, 55% used [0x00000000d6200000,0x00000000d6246900,0x00000000d6280000)
  to   space 512K, 0% used [0x00000000d6180000,0x00000000d6180000,0x00000000d6200000)
 ParOldGen       total 1107456K, used 1107145K [0x0000000080000000, 0x00000000c3980000, 0x00000000d5580000)
  object space 1107456K, 99% used [0x0000000080000000,0x00000000c3932510,0x00000000c3980000)
 Metaspace       used 91817K, committed 93760K, reserved 1179648K
  class space    used 9180K, committed 10048K, reserved 1048576K
}
Event: 64242.095 GC heap after
{Heap after GC invocations=2244 (full 5):
 PSYoungGen      total 11776K, used 154K [0x00000000d5580000, 0x00000000d6280000, 0x0000000100000000)
  eden space 11264K, 0% used [0x00000000d5580000,0x00000000d5580000,0x00000000d6080000)
  from space 512K, 30% used [0x00000000d6180000,0x00000000d61a6900,0x00000000d6200000)
  to   space 512K, 0% used [0x00000000d6200000,0x00000000d6200000,0x00000000d6280000)
 ParOldGen       total 1107456K, used 1107169K [0x0000000080000000, 0x00000000c3980000, 0x00000000d5580000)
  object space 1107456K, 99% used [0x0000000080000000,0x00000000c3938510,0x00000000c3980000)
 Metaspace       used 91817K, committed 93760K, reserved 1179648K
  class space    used 9180K, committed 10048K, reserved 1048576K
}
Event: 64242.109 GC heap before
{Heap before GC invocations=2245 (full 5):
 PSYoungGen      total 11776K, used 10244K [0x00000000d5580000, 0x00000000d6280000, 0x0000000100000000)
  eden space 11264K, 89% used [0x00000000d5580000,0x00000000d5f5a848,0x00000000d6080000)
  from space 512K, 30% used [0x00000000d6180000,0x00000000d61a6900,0x00000000d6200000)
  to   space 512K, 0% used [0x00000000d6200000,0x00000000d6200000,0x00000000d6280000)
 ParOldGen       total 1107456K, used 1107169K [0x0000000080000000, 0x00000000c3980000, 0x00000000d5580000)
  object space 1107456K, 99% used [0x0000000080000000,0x00000000c3938510,0x00000000c3980000)
 Metaspace       used 91817K, committed 93760K, reserved 1179648K
  class space    used 9180K, committed 10048K, reserved 1048576K
}
Event: 64242.110 GC heap after
{Heap after GC invocations=2245 (full 5):
 PSYoungGen      total 11776K, used 346K [0x00000000d5580000, 0x00000000d6280000, 0x0000000100000000)
  eden space 11264K, 0% used [0x00000000d5580000,0x00000000d5580000,0x00000000d6080000)
  from space 512K, 67% used [0x00000000d6200000,0x00000000d6256900,0x00000000d6280000)
  to   space 512K, 0% used [0x00000000d6180000,0x00000000d6180000,0x00000000d6200000)
 ParOldGen       total 1107456K, used 1107193K [0x0000000080000000, 0x00000000c3980000, 0x00000000d5580000)
  object space 1107456K, 99% used [0x0000000080000000,0x00000000c393e510,0x00000000c3980000)
 Metaspace       used 91817K, committed 93760K, reserved 1179648K
  class space    used 9180K, committed 10048K, reserved 1048576K
}
Event: 64242.125 GC heap before
{Heap before GC invocations=2246 (full 5):
 PSYoungGen      total 11776K, used 11610K [0x00000000d5580000, 0x00000000d6280000, 0x0000000100000000)
  eden space 11264K, 100% used [0x00000000d5580000,0x00000000d6080000,0x00000000d6080000)
  from space 512K, 67% used [0x00000000d6200000,0x00000000d6256900,0x00000000d6280000)
  to   space 512K, 0% used [0x00000000d6180000,0x00000000d6180000,0x00000000d6200000)
 ParOldGen       total 1107456K, used 1107193K [0x0000000080000000, 0x00000000c3980000, 0x00000000d5580000)
  object space 1107456K, 99% used [0x0000000080000000,0x00000000c393e510,0x00000000c3980000)
 Metaspace       used 91817K, committed 93760K, reserved 1179648K
  class space    used 9180K, committed 10048K, reserved 1048576K
}
Event: 64242.126 GC heap after
{Heap after GC invocations=2246 (full 5):
 PSYoungGen      total 11776K, used 282K [0x00000000d5580000, 0x00000000d6280000, 0x0000000100000000)
  eden space 11264K, 0% used [0x00000000d5580000,0x00000000d5580000,0x00000000d6080000)
  from space 512K, 55% used [0x00000000d6180000,0x00000000d61c6900,0x00000000d6200000)
  to   space 512K, 0% used [0x00000000d6200000,0x00000000d6200000,0x00000000d6280000)
 ParOldGen       total 1107456K, used 1107265K [0x0000000080000000, 0x00000000c3980000, 0x00000000d5580000)
  object space 1107456K, 99% used [0x0000000080000000,0x00000000c3950510,0x00000000c3980000)
 Metaspace       used 91817K, committed 93760K, reserved 1179648K
  class space    used 9180K, committed 10048K, reserved 1048576K
}
Event: 64242.140 GC heap before
{Heap before GC invocations=2247 (full 5):
 PSYoungGen      total 11776K, used 10119K [0x00000000d5580000, 0x00000000d6280000, 0x0000000100000000)
  eden space 11264K, 87% used [0x00000000d5580000,0x00000000d5f1b638,0x00000000d6080000)
  from space 512K, 55% used [0x00000000d6180000,0x00000000d61c6900,0x00000000d6200000)
  to   space 512K, 0% used [0x00000000d6200000,0x00000000d6200000,0x00000000d6280000)
 ParOldGen       total 1107456K, used 1107265K [0x0000000080000000, 0x00000000c3980000, 0x00000000d5580000)
  object space 1107456K, 99% used [0x0000000080000000,0x00000000c3950510,0x00000000c3980000)
 Metaspace       used 91817K, committed 93760K, reserved 1179648K
  class space    used 9180K, committed 10048K, reserved 1048576K
}
Event: 64242.142 GC heap after
{Heap after GC invocations=2247 (full 5):
 PSYoungGen      total 11776K, used 128K [0x00000000d5580000, 0x00000000d6280000, 0x0000000100000000)
  eden space 11264K, 0% used [0x00000000d5580000,0x00000000d5580000,0x00000000d6080000)
  from space 512K, 25% used [0x00000000d6200000,0x00000000d6220000,0x00000000d6280000)
  to   space 512K, 0% used [0x00000000d6180000,0x00000000d6180000,0x00000000d6200000)
 ParOldGen       total 1107456K, used 1107321K [0x0000000080000000, 0x00000000c3980000, 0x00000000d5580000)
  object space 1107456K, 99% used [0x0000000080000000,0x00000000c395e510,0x00000000c3980000)
 Metaspace       used 91817K, committed 93760K, reserved 1179648K
  class space    used 9180K, committed 10048K, reserved 1048576K
}
Event: 64242.209 GC heap before
{Heap before GC invocations=2248 (full 5):
 PSYoungGen      total 11776K, used 11321K [0x00000000d5580000, 0x00000000d6280000, 0x0000000100000000)
  eden space 11264K, 99% used [0x00000000d5580000,0x00000000d606e588,0x00000000d6080000)
  from space 512K, 25% used [0x00000000d6200000,0x00000000d6220000,0x00000000d6280000)
  to   space 512K, 0% used [0x00000000d6180000,0x00000000d6180000,0x00000000d6200000)
 ParOldGen       total 1107456K, used 1107321K [0x0000000080000000, 0x00000000c3980000, 0x00000000d5580000)
  object space 1107456K, 99% used [0x0000000080000000,0x00000000c395e510,0x00000000c3980000)
 Metaspace       used 91822K, committed 93760K, reserved 1179648K
  class space    used 9180K, committed 10048K, reserved 1048576K
}
Event: 64242.212 GC heap after
{Heap after GC invocations=2248 (full 5):
 PSYoungGen      total 11776K, used 128K [0x00000000d5580000, 0x00000000d6280000, 0x0000000100000000)
  eden space 11264K, 0% used [0x00000000d5580000,0x00000000d5580000,0x00000000d6080000)
  from space 512K, 25% used [0x00000000d6180000,0x00000000d61a0000,0x00000000d6200000)
  to   space 512K, 0% used [0x00000000d6200000,0x00000000d6200000,0x00000000d6280000)
 ParOldGen       total 1110528K, used 1110399K [0x0000000080000000, 0x00000000c3c80000, 0x00000000d5580000)
  object space 1110528K, 99% used [0x0000000080000000,0x00000000c3c5fd80,0x00000000c3c80000)
 Metaspace       used 91822K, committed 93760K, reserved 1179648K
  class space    used 9180K, committed 10048K, reserved 1048576K
}

Dll operation events (14 events):
Event: 0.030 Loaded shared library c:\Users\pareshkumarl\.vscode\extensions\redhat.java-1.55.0-win32-x64\jre\21.0.11-win32-x86_64\bin\java.dll
Event: 0.179 Loaded shared library c:\Users\pareshkumarl\.vscode\extensions\redhat.java-1.55.0-win32-x64\jre\21.0.11-win32-x86_64\bin\zip.dll
Event: 0.223 Loaded shared library C:\Users\pareshkumarl\.vscode\extensions\redhat.java-1.55.0-win32-x64\jre\21.0.11-win32-x86_64\bin\instrument.dll
Event: 0.228 Loaded shared library C:\Users\pareshkumarl\.vscode\extensions\redhat.java-1.55.0-win32-x64\jre\21.0.11-win32-x86_64\bin\net.dll
Event: 0.230 Loaded shared library C:\Users\pareshkumarl\.vscode\extensions\redhat.java-1.55.0-win32-x64\jre\21.0.11-win32-x86_64\bin\nio.dll
Event: 0.233 Loaded shared library C:\Users\pareshkumarl\.vscode\extensions\redhat.java-1.55.0-win32-x64\jre\21.0.11-win32-x86_64\bin\zip.dll
Event: 0.249 Loaded shared library C:\Users\pareshkumarl\.vscode\extensions\redhat.java-1.55.0-win32-x64\jre\21.0.11-win32-x86_64\bin\jimage.dll
Event: 0.337 Loaded shared library c:\Users\pareshkumarl\.vscode\extensions\redhat.java-1.55.0-win32-x64\jre\21.0.11-win32-x86_64\bin\verify.dll
Event: 2.422 Loaded shared library C:\Users\pareshkumarl\AppData\Roaming\Code\User\globalStorage\redhat.java\1.55.0\config_win\org.eclipse.equinox.launcher\org.eclipse.equinox.launcher.win32.win32.x86_64_1.3.100.v20260613-0559\eclipse_11924.dll
Event: 6.718 Loaded shared library C:\Users\pareshkumarl\.vscode\extensions\redhat.java-1.55.0-win32-x64\jre\21.0.11-win32-x86_64\bin\management.dll
Event: 6.721 Loaded shared library C:\Users\pareshkumarl\.vscode\extensions\redhat.java-1.55.0-win32-x64\jre\21.0.11-win32-x86_64\bin\management_ext.dll
Event: 8.977 Loaded shared library C:\Users\pareshkumarl\AppData\Local\Temp\jna--184694351\jna13225033445921943920.dll
Event: 10.100 Loaded shared library C:\Users\pareshkumarl\.vscode\extensions\redhat.java-1.55.0-win32-x64\jre\21.0.11-win32-x86_64\bin\sunmscapi.dll
Event: 10.235 Loaded shared library C:\Users\pareshkumarl\.vscode\extensions\redhat.java-1.55.0-win32-x64\jre\21.0.11-win32-x86_64\bin\extnet.dll

Deoptimization events (20 events):
Event: 64239.907 Thread 0x00000240191ee320 Uncommon trap: trap_request=0xffffff6e fr.pc=0x0000023fc5473c88 relative=0x0000000000000828
Event: 64239.907 Thread 0x00000240191ee320 Uncommon trap: reason=loop_limit_check action=maybe_recompile pc=0x0000023fc5473c88 method=org.eclipse.jdt.core.Signature.getSimpleName(Ljava/lang/String;)Ljava/lang/String; @ 105 c2
Event: 64239.907 Thread 0x00000240191ee320 DEOPT PACKING pc=0x0000023fc5473c88 sp=0x0000007e24dfe000
Event: 64239.907 Thread 0x00000240191ee320 DEOPT UNPACKING pc=0x0000023fc4b16da2 sp=0x0000007e24dfdf98 mode 2
Event: 64240.031 Thread 0x00000240191ee320 Uncommon trap: trap_request=0xffffff45 fr.pc=0x0000023fc648adc8 relative=0x00000000000086a8
Event: 64240.031 Thread 0x00000240191ee320 Uncommon trap: reason=unstable_if action=reinterpret pc=0x0000023fc648adc8 method=org.eclipse.jdt.internal.compiler.lookup.TypeSystem$HashedParameterizedTypes.get(Lorg/eclipse/jdt/internal/compiler/lookup/ReferenceBinding;[Lorg/eclipse/jdt/internal/compil
Event: 64240.031 Thread 0x00000240191ee320 DEOPT PACKING pc=0x0000023fc648adc8 sp=0x0000007e24dfe430
Event: 64240.031 Thread 0x00000240191ee320 DEOPT UNPACKING pc=0x0000023fc4b16da2 sp=0x0000007e24dfe2b8 mode 2
Event: 64240.032 Thread 0x00000240191ee320 Uncommon trap: trap_request=0xffffff45 fr.pc=0x0000023fc64f36a8 relative=0x0000000000001be8
Event: 64240.037 Thread 0x00000240191ee320 Uncommon trap: reason=unstable_if action=reinterpret pc=0x0000023fc64f36a8 method=org.eclipse.jdt.internal.compiler.lookup.TypeSystem$HashedParameterizedTypes.get(Lorg/eclipse/jdt/internal/compiler/lookup/ReferenceBinding;[Lorg/eclipse/jdt/internal/compil
Event: 64240.037 Thread 0x00000240191ee320 DEOPT PACKING pc=0x0000023fc64f36a8 sp=0x0000007e24dfe2e0
Event: 64240.037 Thread 0x00000240191ee320 DEOPT UNPACKING pc=0x0000023fc4b16da2 sp=0x0000007e24dfe290 mode 2
Event: 64241.194 Thread 0x00000240191ee320 DEOPT PACKING pc=0x0000023fbfe66983 sp=0x0000007e24dfe410
Event: 64241.194 Thread 0x00000240191ee320 DEOPT UNPACKING pc=0x0000023fc4b178e2 sp=0x0000007e24dfd920 mode 0
Event: 64242.045 Thread 0x00000240191ee320 DEOPT PACKING pc=0x0000023fbfea6e81 sp=0x0000007e24dfe2a0
Event: 64242.045 Thread 0x00000240191ee320 DEOPT UNPACKING pc=0x0000023fc4b178e2 sp=0x0000007e24dfd7a8 mode 0
Event: 64242.148 Thread 0x00000240191ee320 DEOPT PACKING pc=0x0000023fbfec6428 sp=0x0000007e24dfecc0
Event: 64242.148 Thread 0x00000240191ee320 DEOPT UNPACKING pc=0x0000023fc4b178e2 sp=0x0000007e24dfe160 mode 0
Event: 64242.186 Thread 0x00000240191ee320 DEOPT PACKING pc=0x0000023fbf4f9c52 sp=0x0000007e24dfea60
Event: 64242.187 Thread 0x00000240191ee320 DEOPT UNPACKING pc=0x0000023fc4b178e2 sp=0x0000007e24dfdec0 mode 0

Classes loaded (20 events):
Event: 533.268 Loading class java/lang/Throwable$PrintStreamOrWriter done
Event: 533.268 Loading class java/lang/Throwable$WrappedPrintWriter done
Event: 4180.526 Loading class java/nio/channels/CompletionHandler
Event: 4180.527 Loading class java/nio/channels/CompletionHandler done
Event: 64227.981 Loading class java/io/BufferedReader$1
Event: 64227.983 Loading class java/io/BufferedReader$1 done
Event: 64234.534 Loading class java/util/EnumMap$EntrySet
Event: 64234.534 Loading class java/util/EnumMap$EntrySet done
Event: 64234.535 Loading class java/util/EnumMap$EntryIterator
Event: 64234.538 Loading class java/util/EnumMap$EnumMapIterator
Event: 64234.551 Loading class java/util/EnumMap$EnumMapIterator done
Event: 64234.551 Loading class java/util/EnumMap$EntryIterator done
Event: 64234.551 Loading class java/util/EnumMap$EntryIterator$Entry
Event: 64234.551 Loading class java/util/EnumMap$EntryIterator$Entry done
Event: 64235.336 Loading class java/util/Collections$UnmodifiableMap$UnmodifiableEntrySet$UnmodifiableEntrySetSpliterator
Event: 64235.337 Loading class java/util/Collections$UnmodifiableMap$UnmodifiableEntrySet$UnmodifiableEntrySetSpliterator done
Event: 64235.927 Loading class java/util/HashMap$EntrySpliterator
Event: 64235.927 Loading class java/util/HashMap$EntrySpliterator done
Event: 64236.143 Loading class java/util/Comparators$NullComparator
Event: 64236.143 Loading class java/util/Comparators$NullComparator done

Classes unloaded (20 events):
Event: 2996.925 Thread 0x0000023fba441c90 Unloading class 0x0000023fd2014800 'java/lang/invoke/LambdaForm$MH+0x0000023fd2014800'
Event: 2996.926 Thread 0x0000023fba441c90 Unloading class 0x0000023fd200d800 'java/lang/invoke/LambdaForm$MH+0x0000023fd200d800'
Event: 2996.926 Thread 0x0000023fba441c90 Unloading class 0x0000023fd200d400 'java/lang/invoke/LambdaForm$MH+0x0000023fd200d400'
Event: 2996.926 Thread 0x0000023fba441c90 Unloading class 0x0000023fd200d000 'java/lang/invoke/LambdaForm$MH+0x0000023fd200d000'
Event: 2996.926 Thread 0x0000023fba441c90 Unloading class 0x0000023fd200cc00 'java/lang/invoke/LambdaForm$MH+0x0000023fd200cc00'
Event: 2996.926 Thread 0x0000023fba441c90 Unloading class 0x0000023fd200c800 'java/lang/invoke/LambdaForm$BMH+0x0000023fd200c800'
Event: 2996.926 Thread 0x0000023fba441c90 Unloading class 0x0000023fd200c000 'java/lang/invoke/LambdaForm$DMH+0x0000023fd200c000'
Event: 2996.926 Thread 0x0000023fba441c90 Unloading class 0x0000023fd2008c00 'java/lang/invoke/LambdaForm$MH+0x0000023fd2008c00'
Event: 2996.926 Thread 0x0000023fba441c90 Unloading class 0x0000023fd2008800 'java/lang/invoke/LambdaForm$MH+0x0000023fd2008800'
Event: 2996.926 Thread 0x0000023fba441c90 Unloading class 0x0000023fd2008400 'java/lang/invoke/LambdaForm$MH+0x0000023fd2008400'
Event: 2996.926 Thread 0x0000023fba441c90 Unloading class 0x0000023fd2007000 'java/lang/invoke/LambdaForm$MH+0x0000023fd2007000'
Event: 2996.926 Thread 0x0000023fba441c90 Unloading class 0x0000023fd2006800 'java/lang/invoke/LambdaForm$MH+0x0000023fd2006800'
Event: 2996.926 Thread 0x0000023fba441c90 Unloading class 0x0000023fd2006400 'java/lang/invoke/LambdaForm$MH+0x0000023fd2006400'
Event: 2996.926 Thread 0x0000023fba441c90 Unloading class 0x0000023fd2006000 'java/lang/invoke/LambdaForm$MH+0x0000023fd2006000'
Event: 2996.926 Thread 0x0000023fba441c90 Unloading class 0x0000023fd2005c00 'java/lang/invoke/LambdaForm$BMH+0x0000023fd2005c00'
Event: 2996.926 Thread 0x0000023fba441c90 Unloading class 0x0000023fd2004800 'java/lang/invoke/LambdaForm$DMH+0x0000023fd2004800'
Event: 2996.926 Thread 0x0000023fba441c90 Unloading class 0x0000023fd2002800 'java/lang/invoke/LambdaForm$MH+0x0000023fd2002800'
Event: 2996.927 Thread 0x0000023fba441c90 Unloading class 0x0000023fd2002400 'java/lang/invoke/LambdaForm$MH+0x0000023fd2002400'
Event: 2996.927 Thread 0x0000023fba441c90 Unloading class 0x0000023fd2002000 'java/lang/invoke/LambdaForm$MH+0x0000023fd2002000'
Event: 2996.927 Thread 0x0000023fba441c90 Unloading class 0x0000023fd2001800 'java/lang/invoke/LambdaForm$MH+0x0000023fd2001800'

Classes redefined (0 events):
No events

Internal exceptions (20 events):
Event: 64241.840 Thread 0x00000240191ee320 Exception <a 'sun/nio/fs/WindowsException'{0x00000000d5b82fd0}> (0x00000000d5b82fd0) 
thrown [s\src\hotspot\share\prims\jni.cpp, line 520]
Event: 64241.840 Thread 0x00000240191ee320 Exception <a 'sun/nio/fs/WindowsException'{0x00000000d5b83940}> (0x00000000d5b83940) 
thrown [s\src\hotspot\share\prims\jni.cpp, line 520]
Event: 64241.855 Thread 0x00000240191ee320 Exception <a 'sun/nio/fs/WindowsException'{0x00000000d5c9f7a0}> (0x00000000d5c9f7a0) 
thrown [s\src\hotspot\share\prims\jni.cpp, line 520]
Event: 64241.855 Thread 0x00000240191ee320 Exception <a 'sun/nio/fs/WindowsException'{0x00000000d5ca0110}> (0x00000000d5ca0110) 
thrown [s\src\hotspot\share\prims\jni.cpp, line 520]
Event: 64241.873 Thread 0x00000240191ee320 Exception <a 'sun/nio/fs/WindowsException'{0x00000000d5d9f858}> (0x00000000d5d9f858) 
thrown [s\src\hotspot\share\prims\jni.cpp, line 520]
Event: 64241.873 Thread 0x00000240191ee320 Exception <a 'sun/nio/fs/WindowsException'{0x00000000d5da01c8}> (0x00000000d5da01c8) 
thrown [s\src\hotspot\share\prims\jni.cpp, line 520]
Event: 64241.886 Thread 0x00000240191ee320 Exception <a 'sun/nio/fs/WindowsException'{0x00000000d5fe5d90}> (0x00000000d5fe5d90) 
thrown [s\src\hotspot\share\prims\jni.cpp, line 520]
Event: 64241.886 Thread 0x00000240191ee320 Exception <a 'sun/nio/fs/WindowsException'{0x00000000d5fe6700}> (0x00000000d5fe6700) 
thrown [s\src\hotspot\share\prims\jni.cpp, line 520]
Event: 64241.897 Thread 0x00000240191ee320 Exception <a 'sun/nio/fs/WindowsException'{0x00000000d560df68}> (0x00000000d560df68) 
thrown [s\src\hotspot\share\prims\jni.cpp, line 520]
Event: 64241.897 Thread 0x00000240191ee320 Exception <a 'sun/nio/fs/WindowsException'{0x00000000d560e8d8}> (0x00000000d560e8d8) 
thrown [s\src\hotspot\share\prims\jni.cpp, line 520]
Event: 64241.906 Thread 0x00000240191ee320 Exception <a 'sun/nio/fs/WindowsException'{0x00000000d5712dd8}> (0x00000000d5712dd8) 
thrown [s\src\hotspot\share\prims\jni.cpp, line 520]
Event: 64241.906 Thread 0x00000240191ee320 Exception <a 'sun/nio/fs/WindowsException'{0x00000000d5713748}> (0x00000000d5713748) 
thrown [s\src\hotspot\share\prims\jni.cpp, line 520]
Event: 64242.145 Thread 0x00000240191ee320 Exception <a 'sun/nio/fs/WindowsException'{0x00000000d575abe8}> (0x00000000d575abe8) 
thrown [s\src\hotspot\share\prims\jni.cpp, line 520]
Event: 64242.145 Thread 0x00000240191ee320 Exception <a 'sun/nio/fs/WindowsException'{0x00000000d57e5440}> (0x00000000d57e5440) 
thrown [s\src\hotspot\share\prims\jni.cpp, line 520]
Event: 64242.189 Thread 0x00000240191ee320 Exception <a 'sun/nio/fs/WindowsException'{0x00000000d5a37bf0}> (0x00000000d5a37bf0) 
thrown [s\src\hotspot\share\prims\jni.cpp, line 520]
Event: 64242.190 Thread 0x00000240191ee320 Exception <a 'sun/nio/fs/WindowsException'{0x00000000d5a38560}> (0x00000000d5a38560) 
thrown [s\src\hotspot\share\prims\jni.cpp, line 520]
Event: 64242.220 Thread 0x00000240191ee320 Exception <a 'sun/nio/fs/WindowsException'{0x00000000d5970cb0}> (0x00000000d5970cb0) 
thrown [s\src\hotspot\share\prims\jni.cpp, line 520]
Event: 64242.220 Thread 0x00000240191ee320 Exception <a 'sun/nio/fs/WindowsException'{0x00000000d5971620}> (0x00000000d5971620) 
thrown [s\src\hotspot\share\prims\jni.cpp, line 520]
Event: 64242.229 Thread 0x00000240191ee320 Exception <a 'sun/nio/fs/WindowsException'{0x00000000d5c12f98}> (0x00000000d5c12f98) 
thrown [s\src\hotspot\share\prims\jni.cpp, line 520]
Event: 64242.229 Thread 0x00000240191ee320 Exception <a 'sun/nio/fs/WindowsException'{0x00000000d5c13908}> (0x00000000d5c13908) 
thrown [s\src\hotspot\share\prims\jni.cpp, line 520]

ZGC Phase Switch (0 events):
No events

VM Operations (20 events):
Event: 64242.093 Executing safepoint VM operation: ParallelGCFailedAllocation (Allocation Failure)
Event: 64242.095 Executing safepoint VM operation: ParallelGCFailedAllocation (Allocation Failure) done
Event: 64242.108 Executing safepoint VM operation: ParallelGCFailedAllocation (Allocation Failure)
Event: 64242.110 Executing safepoint VM operation: ParallelGCFailedAllocation (Allocation Failure) done
Event: 64242.125 Executing safepoint VM operation: ParallelGCFailedAllocation (Allocation Failure)
Event: 64242.126 Executing safepoint VM operation: ParallelGCFailedAllocation (Allocation Failure) done
Event: 64242.140 Executing safepoint VM operation: ParallelGCFailedAllocation (Allocation Failure)
Event: 64242.142 Executing safepoint VM operation: ParallelGCFailedAllocation (Allocation Failure) done
Event: 64242.209 Executing safepoint VM operation: ParallelGCFailedAllocation (Allocation Failure)
Event: 64242.212 Executing safepoint VM operation: ParallelGCFailedAllocation (Allocation Failure) done
Event: 64246.330 Executing non-safepoint VM operation: HandshakeAllThreads (HandshakeForDeflation)
Event: 64246.330 Executing non-safepoint VM operation: HandshakeAllThreads (HandshakeForDeflation) done
Event: 64246.330 Executing non-safepoint VM operation: RendezvousGCThreads
Event: 64246.330 Executing non-safepoint VM operation: RendezvousGCThreads done
Event: 64297.691 Executing safepoint VM operation: Cleanup
Event: 64297.691 Executing safepoint VM operation: Cleanup done
Event: 64306.411 Executing non-safepoint VM operation: HandshakeAllThreads (HandshakeForDeflation)
Event: 64306.411 Executing non-safepoint VM operation: HandshakeAllThreads (HandshakeForDeflation) done
Event: 64306.411 Executing non-safepoint VM operation: RendezvousGCThreads
Event: 64306.411 Executing non-safepoint VM operation: RendezvousGCThreads done

Memory protections (0 events):
No events

Nmethod flushes (20 events):
Event: 2997.042 Thread 0x0000023fba441c90 flushing  nmethod 0x0000023fbf635390
Event: 2997.042 Thread 0x0000023fba441c90 flushing  nmethod 0x0000023fbf637c10
Event: 2997.042 Thread 0x0000023fba441c90 flushing  nmethod 0x0000023fbf63a710
Event: 2997.042 Thread 0x0000023fba441c90 flushing  nmethod 0x0000023fbf650e10
Event: 2997.042 Thread 0x0000023fba441c90 flushing osr nmethod 0x0000023fbf6e9490
Event: 2997.042 Thread 0x0000023fba441c90 flushing  nmethod 0x0000023fbf6f1610
Event: 2997.042 Thread 0x0000023fba441c90 flushing  nmethod 0x0000023fbf70c210
Event: 2997.042 Thread 0x0000023fba441c90 flushing  nmethod 0x0000023fbf743f10
Event: 2997.042 Thread 0x0000023fba441c90 flushing  nmethod 0x0000023fbf79c710
Event: 2997.042 Thread 0x0000023fba441c90 flushing  nmethod 0x0000023fbf79d510
Event: 2997.042 Thread 0x0000023fba441c90 flushing  nmethod 0x0000023fbf818e90
Event: 2997.042 Thread 0x0000023fba441c90 flushing  nmethod 0x0000023fbf926110
Event: 2997.042 Thread 0x0000023fba441c90 flushing osr nmethod 0x0000023fbf9b8e10
Event: 2997.042 Thread 0x0000023fba441c90 flushing  nmethod 0x0000023fbf9c0010
Event: 2997.042 Thread 0x0000023fba441c90 flushing osr nmethod 0x0000023fbf9f7690
Event: 2997.042 Thread 0x0000023fba441c90 flushing  nmethod 0x0000023fbf9f9e90
Event: 2997.042 Thread 0x0000023fba441c90 flushing  nmethod 0x0000023fbfe5f890
Event: 2997.042 Thread 0x0000023fba441c90 flushing  nmethod 0x0000023fbfe5fd90
Event: 2997.042 Thread 0x0000023fba441c90 flushing  nmethod 0x0000023fc01d7d90
Event: 2997.042 Thread 0x0000023fba441c90 flushing  nmethod 0x0000023fc01d8290

Events (20 events):
Event: 64229.369 Thread 0x000002401a9b6750 Thread added: 0x000002401b822580
Event: 64230.446 Thread 0x000002401a9b8190 Thread added: 0x000002401b824650
Event: 64236.316 Thread 0x000002401a9b6750 Thread added: 0x00000240191ea810
Event: 64236.744 Thread 0x000002401a9b6750 Thread added: 0x00000240191f0a80
Event: 64236.798 Thread 0x000002401a9b6750 Thread added: 0x00000240191f03f0
Event: 64237.017 Thread 0x0000023fba317b00 Thread added: 0x0000024018021e70
Event: 64237.435 Thread 0x0000024018021e70 Thread exited: 0x0000024018021e70
Event: 64239.615 Thread 0x00000240191ed600 Thread added: 0x00000240191ee320
Event: 64288.573 Thread 0x000002401a9b53a0 Thread exited: 0x000002401a9b53a0
Event: 64297.243 Thread 0x00000240191ea810 Thread exited: 0x00000240191ea810
Event: 64299.559 Thread 0x000002401b8204b0 Thread exited: 0x000002401b8204b0
Event: 64299.559 Thread 0x000002401a9b7470 Thread exited: 0x000002401a9b7470
Event: 64299.622 Thread 0x000002401a9b32d0 Thread exited: 0x000002401a9b32d0
Event: 64299.622 Thread 0x000002401a9b8190 Thread exited: 0x000002401a9b8190
Event: 64299.622 Thread 0x000002401b824650 Thread exited: 0x000002401b824650
Event: 64299.622 Thread 0x000002401a9b3ff0 Thread exited: 0x000002401a9b3ff0
Event: 64299.623 Thread 0x000002401a9b60c0 Thread exited: 0x000002401a9b60c0
Event: 64302.241 Thread 0x00000240191ee320 Thread exited: 0x00000240191ee320
Event: 64348.575 Thread 0x000002401a9ba260 Thread exited: 0x000002401a9ba260
Event: 64408.796 Thread 0x000002401b820b40 Thread exited: 0x000002401b820b40


Dynamic libraries:
0x00007ff6a8a30000 - 0x00007ff6a8a3e000 	c:\Users\pareshkumarl\.vscode\extensions\redhat.java-1.55.0-win32-x64\jre\21.0.11-win32-x86_64\bin\java.exe
0x00007ff9f7060000 - 0x00007ff9f72c6000 	C:\WINDOWS\SYSTEM32\ntdll.dll
0x00007ff9f6030000 - 0x00007ff9f60f9000 	C:\WINDOWS\System32\KERNEL32.DLL
0x00007ff9f43e0000 - 0x00007ff9f47de000 	C:\WINDOWS\System32\KERNELBASE.dll
0x00007ff9f4280000 - 0x00007ff9f43cc000 	C:\WINDOWS\System32\ucrtbase.dll
0x00007ff9d3b90000 - 0x00007ff9d3ba8000 	c:\Users\pareshkumarl\.vscode\extensions\redhat.java-1.55.0-win32-x64\jre\21.0.11-win32-x86_64\bin\jli.dll
0x00007ff9f6920000 - 0x00007ff9f6ae7000 	C:\WINDOWS\System32\USER32.dll
0x00007ff9f4a20000 - 0x00007ff9f4a47000 	C:\WINDOWS\System32\win32u.dll
0x00007ff9f6000000 - 0x00007ff9f602b000 	C:\WINDOWS\System32\GDI32.dll
0x00007ff9f4c60000 - 0x00007ff9f4d8a000 	C:\WINDOWS\System32\gdi32full.dll
0x00007ff9f48b0000 - 0x00007ff9f4953000 	C:\WINDOWS\System32\msvcp_win.dll
0x00007ff9d1140000 - 0x00007ff9d115e000 	c:\Users\pareshkumarl\.vscode\extensions\redhat.java-1.55.0-win32-x64\jre\21.0.11-win32-x86_64\bin\VCRUNTIME140.dll
0x00007ff9d01b0000 - 0x00007ff9d0442000 	C:\WINDOWS\WinSxS\amd64_microsoft.windows.common-controls_6595b64144ccf1df_6.0.26100.8875_none_3e0d5d42e32fe9dd\COMCTL32.dll
0x00007ff9f5a10000 - 0x00007ff9f5ab9000 	C:\WINDOWS\System32\msvcrt.dll
0x00007ff9f6fb0000 - 0x00007ff9f6fe2000 	C:\WINDOWS\System32\IMM32.DLL
0x00007ff9f4060000 - 0x00007ff9f40de000 	C:\WINDOWS\system32\hznsci.dll
0x00007ff9f6ff0000 - 0x00007ff9f6ff8000 	C:\WINDOWS\System32\PSAPI.DLL
0x00007ff9ec2e0000 - 0x00007ff9ec2ec000 	c:\Users\pareshkumarl\.vscode\extensions\redhat.java-1.55.0-win32-x64\jre\21.0.11-win32-x86_64\bin\vcruntime140_1.dll
0x00007ff9982d0000 - 0x00007ff99835d000 	c:\Users\pareshkumarl\.vscode\extensions\redhat.java-1.55.0-win32-x64\jre\21.0.11-win32-x86_64\bin\msvcp140.dll
0x00007ff972d40000 - 0x00007ff973ae2000 	c:\Users\pareshkumarl\.vscode\extensions\redhat.java-1.55.0-win32-x64\jre\21.0.11-win32-x86_64\bin\server\jvm.dll
0x00007ff9f6530000 - 0x00007ff9f65e7000 	C:\WINDOWS\System32\ADVAPI32.dll
0x00007ff9f6480000 - 0x00007ff9f652a000 	C:\WINDOWS\System32\sechost.dll
0x00007ff9f5e50000 - 0x00007ff9f5f68000 	C:\WINDOWS\System32\RPCRT4.dll
0x00007ff9f65f0000 - 0x00007ff9f6670000 	C:\WINDOWS\System32\WS2_32.dll
0x00007ff9f4100000 - 0x00007ff9f415e000 	C:\WINDOWS\SYSTEM32\POWRPROF.dll
0x00007ff9e6580000 - 0x00007ff9e65b6000 	C:\WINDOWS\SYSTEM32\WINMM.dll
0x00007ff9f2920000 - 0x00007ff9f292b000 	C:\WINDOWS\SYSTEM32\VERSION.dll
0x00007ff9f40e0000 - 0x00007ff9f40f4000 	C:\WINDOWS\SYSTEM32\UMPDC.dll
0x00007ff9f2d70000 - 0x00007ff9f2d8b000 	C:\WINDOWS\SYSTEM32\kernel.appcore.dll
0x00007ff9e8460000 - 0x00007ff9e846a000 	c:\Users\pareshkumarl\.vscode\extensions\redhat.java-1.55.0-win32-x64\jre\21.0.11-win32-x86_64\bin\jimage.dll
0x00007ff9f1a20000 - 0x00007ff9f1c62000 	C:\WINDOWS\SYSTEM32\DBGHELP.DLL
0x00007ff9f5ac0000 - 0x00007ff9f5e43000 	C:\WINDOWS\System32\combase.dll
0x00007ff9f6270000 - 0x00007ff9f6349000 	C:\WINDOWS\System32\OLEAUT32.dll
0x00007ff9e8400000 - 0x00007ff9e843b000 	C:\WINDOWS\SYSTEM32\dbgcore.DLL
0x00007ff9f47f0000 - 0x00007ff9f489c000 	C:\WINDOWS\System32\bcryptPrimitives.dll
0x00007ff9e2160000 - 0x00007ff9e216f000 	c:\Users\pareshkumarl\.vscode\extensions\redhat.java-1.55.0-win32-x64\jre\21.0.11-win32-x86_64\bin\instrument.dll
0x00007ff9cd480000 - 0x00007ff9cd4a0000 	c:\Users\pareshkumarl\.vscode\extensions\redhat.java-1.55.0-win32-x64\jre\21.0.11-win32-x86_64\bin\java.dll
0x00007ff9f4d90000 - 0x00007ff9f5522000 	C:\WINDOWS\System32\SHELL32.dll
0x00007ff9f1180000 - 0x00007ff9f1a12000 	C:\WINDOWS\SYSTEM32\windows.storage.dll
0x00007ff9f5910000 - 0x00007ff9f5a07000 	C:\WINDOWS\System32\SHCORE.dll
0x00007ff9f5850000 - 0x00007ff9f58b7000 	C:\WINDOWS\System32\shlwapi.dll
0x00007ff9f41a0000 - 0x00007ff9f41c9000 	C:\WINDOWS\SYSTEM32\profapi.dll
0x00007ff9c33b0000 - 0x00007ff9c33c8000 	c:\Users\pareshkumarl\.vscode\extensions\redhat.java-1.55.0-win32-x64\jre\21.0.11-win32-x86_64\bin\zip.dll
0x00007ff9dc890000 - 0x00007ff9dc8a0000 	C:\Users\pareshkumarl\.vscode\extensions\redhat.java-1.55.0-win32-x64\jre\21.0.11-win32-x86_64\bin\net.dll
0x00007ff9f2d90000 - 0x00007ff9f2eb7000 	C:\WINDOWS\SYSTEM32\WINHTTP.dll
0x00007ff9f3430000 - 0x00007ff9f349c000 	C:\WINDOWS\system32\mswsock.dll
0x00007ff9c3390000 - 0x00007ff9c33a6000 	C:\Users\pareshkumarl\.vscode\extensions\redhat.java-1.55.0-win32-x64\jre\21.0.11-win32-x86_64\bin\nio.dll
0x00007ff9d9b20000 - 0x00007ff9d9b30000 	c:\Users\pareshkumarl\.vscode\extensions\redhat.java-1.55.0-win32-x64\jre\21.0.11-win32-x86_64\bin\verify.dll
0x00007ff9bfc30000 - 0x00007ff9bfc75000 	C:\Users\pareshkumarl\AppData\Roaming\Code\User\globalStorage\redhat.java\1.55.0\config_win\org.eclipse.equinox.launcher\org.eclipse.equinox.launcher.win32.win32.x86_64_1.3.100.v20260613-0559\eclipse_11924.dll
0x00007ff9f6710000 - 0x00007ff9f68a9000 	C:\WINDOWS\System32\ole32.dll
0x00007ff9d9d30000 - 0x00007ff9d9d3a000 	C:\Users\pareshkumarl\.vscode\extensions\redhat.java-1.55.0-win32-x64\jre\21.0.11-win32-x86_64\bin\management.dll
0x00007ff9d7300000 - 0x00007ff9d730c000 	C:\Users\pareshkumarl\.vscode\extensions\redhat.java-1.55.0-win32-x64\jre\21.0.11-win32-x86_64\bin\management_ext.dll
0x00007ff9f3860000 - 0x00007ff9f387b000 	C:\WINDOWS\SYSTEM32\CRYPTSP.dll
0x00007ff9f2cd0000 - 0x00007ff9f2d09000 	C:\WINDOWS\system32\rsaenh.dll
0x00007ff9f34f0000 - 0x00007ff9f3522000 	C:\WINDOWS\SYSTEM32\USERENV.dll
0x00007ff9f4170000 - 0x00007ff9f419a000 	C:\WINDOWS\SYSTEM32\bcrypt.dll
0x00007ff9f3830000 - 0x00007ff9f383c000 	C:\WINDOWS\SYSTEM32\CRYPTBASE.dll
0x00007ff9f21a0000 - 0x00007ff9f21d3000 	C:\WINDOWS\SYSTEM32\IPHLPAPI.DLL
0x00007ff9f6910000 - 0x00007ff9f691a000 	C:\WINDOWS\System32\NSI.dll
0x00007ff996260000 - 0x00007ff9962a9000 	C:\Users\pareshkumarl\AppData\Local\Temp\jna--184694351\jna13225033445921943920.dll
0x00007ff9edd20000 - 0x00007ff9edd3d000 	C:\WINDOWS\SYSTEM32\dhcpcsvc6.DLL
0x00007ff9edcf0000 - 0x00007ff9edd15000 	C:\WINDOWS\SYSTEM32\dhcpcsvc.DLL
0x00007ff9d95f0000 - 0x00007ff9d95fe000 	C:\Users\pareshkumarl\.vscode\extensions\redhat.java-1.55.0-win32-x64\jre\21.0.11-win32-x86_64\bin\sunmscapi.dll
0x00007ff9f4ae0000 - 0x00007ff9f4c58000 	C:\WINDOWS\System32\CRYPT32.dll
0x00007ff9f39d0000 - 0x00007ff9f3a00000 	C:\WINDOWS\SYSTEM32\ncrypt.dll
0x00007ff9f3980000 - 0x00007ff9f39bf000 	C:\WINDOWS\SYSTEM32\NTASN1.dll
0x00007ff9f2220000 - 0x00007ff9f2376000 	C:\WINDOWS\SYSTEM32\DNSAPI.dll
0x00007ff9f3250000 - 0x00007ff9f325d000 	C:\WINDOWS\SYSTEM32\DSPARSE.dll
0x00007ff9ed910000 - 0x00007ff9ed91b000 	C:\Windows\System32\rasadhlp.dll
0x00007ff9ede70000 - 0x00007ff9edef6000 	C:\WINDOWS\System32\fwpuclnt.dll
0x00007ff9d6300000 - 0x00007ff9d6309000 	C:\Users\pareshkumarl\.vscode\extensions\redhat.java-1.55.0-win32-x64\jre\21.0.11-win32-x86_64\bin\extnet.dll

JVMTI agents:
c:\Users\pareshkumarl\.vscode\extensions\redhat.java-1.55.0-win32-x64\lombok\lombok-1.18.39-4050.jar path:c:\Users\pareshkumarl\.vscode\extensions\redhat.java-1.55.0-win32-x64\jre\21.0.11-win32-x86_64\bin\instrument.dll, loaded, initialized, instrumentlib options:none

dbghelp: loaded successfully - version: 4.0.5 - missing functions: none
symbol engine: initialized successfully - sym options: 0x614 - pdb path: .;c:\Users\pareshkumarl\.vscode\extensions\redhat.java-1.55.0-win32-x64\jre\21.0.11-win32-x86_64\bin;C:\WINDOWS\SYSTEM32;C:\WINDOWS\WinSxS\amd64_microsoft.windows.common-controls_6595b64144ccf1df_6.0.26100.8875_none_3e0d5d42e32fe9dd;c:\Users\pareshkumarl\.vscode\extensions\redhat.java-1.55.0-win32-x64\jre\21.0.11-win32-x86_64\bin\server;C:\Users\pareshkumarl\AppData\Roaming\Code\User\globalStorage\redhat.java\1.55.0\config_win\org.eclipse.equinox.launcher\org.eclipse.equinox.launcher.win32.win32.x86_64_1.3.100.v20260613-0559;C:\Users\pareshkumarl\AppData\Local\Temp\jna--184694351

VM Arguments:
jvm_args: --add-modules=ALL-SYSTEM --add-opens=java.base/java.util=ALL-UNNAMED --add-opens=java.base/java.lang=ALL-UNNAMED --add-opens=java.base/sun.nio.fs=ALL-UNNAMED -Declipse.application=org.eclipse.jdt.ls.core.id1 -Dosgi.bundles.defaultStartLevel=4 -Declipse.product=org.eclipse.jdt.ls.core.product -Djava.import.generatesMetadataFilesAtProjectRoot=false -DDetectVMInstallationsJob.disabled=true -Dfile.encoding=utf8 -XX:+UseParallelGC -XX:GCTimeRatio=4 -XX:AdaptiveSizePolicyWeight=90 -Dsun.zip.disableMemoryMapping=true -Xmx2G -Xms100m -Xlog:disable -javaagent:c:\Users\pareshkumarl\.vscode\extensions\redhat.java-1.55.0-win32-x64\lombok\lombok-1.18.39-4050.jar -XX:+HeapDumpOnOutOfMemoryError -XX:HeapDumpPath=c:\Users\pareshkumarl\AppData\Roaming\Code\User\workspaceStorage\99d1e9c0e10a09dd2506a2ba53b1f832\redhat.java -Daether.dependencyCollector.impl=bf 
java_command: c:\Users\pareshkumarl\.vscode\extensions\redhat.java-1.55.0-win32-x64\server\plugins\org.eclipse.equinox.launcher_1.7.200.v20260619-2039.jar -configuration c:\Users\pareshkumarl\AppData\Roaming\Code\User\globalStorage\redhat.java\1.55.0\config_win -data c:\Users\pareshkumarl\AppData\Roaming\Code\User\workspaceStorage\99d1e9c0e10a09dd2506a2ba53b1f832\redhat.java\jdt_ws --pipe=\\.\pipe\lsp-fd2cbc060161d58ef2dc7071f48a7e45-sock
java_class_path (initial): c:\Users\pareshkumarl\.vscode\extensions\redhat.java-1.55.0-win32-x64\server\plugins\org.eclipse.equinox.launcher_1.7.200.v20260619-2039.jar
Launcher Type: SUN_STANDARD

[Global flags]
    uintx AdaptiveSizePolicyWeight                 = 90                                        {product} {command line}
     intx CICompilerCount                          = 3                                         {product} {ergonomic}
    uintx GCTimeRatio                              = 4                                         {product} {command line}
     bool HeapDumpOnOutOfMemoryError               = true                                   {manageable} {command line}
    ccstr HeapDumpPath                             = c:\Users\pareshkumarl\AppData\Roaming\Code\User\workspaceStorage\99d1e9c0e10a09dd2506a2ba53b1f832\redhat.java         {manageable} {command line}
   size_t InitialHeapSize                          = 104857600                                 {product} {command line}
   size_t MaxHeapSize                              = 2147483648                                {product} {command line}
   size_t MaxNewSize                               = 715653120                                 {product} {ergonomic}
   size_t MinHeapDeltaBytes                        = 524288                                    {product} {ergonomic}
   size_t MinHeapSize                              = 104857600                                 {product} {command line}
   size_t NewSize                                  = 34603008                                  {product} {ergonomic}
    uintx NonNMethodCodeHeapSize                   = 5832780                                {pd product} {ergonomic}
    uintx NonProfiledCodeHeapSize                  = 122912730                              {pd product} {ergonomic}
   size_t OldSize                                  = 70254592                                  {product} {ergonomic}
    uintx ProfiledCodeHeapSize                     = 122912730                              {pd product} {ergonomic}
    uintx ReservedCodeCacheSize                    = 251658240                              {pd product} {ergonomic}
     bool SegmentedCodeCache                       = true                                      {product} {ergonomic}
   size_t SoftMaxHeapSize                          = 2147483648                             {manageable} {ergonomic}
     bool UseCompressedOops                        = true                           {product lp64_product} {ergonomic}
     bool UseLargePagesIndividualAllocation        = false                                  {pd product} {ergonomic}
     bool UseParallelGC                            = true                                      {product} {command line}

Logging:
Log output configuration:
 #0: stdout all=off uptime,level,tags foldmultilines=false
 #1: stderr all=off uptime,level,tags foldmultilines=false

Release file:
JAVA_VERSION="21.0.11" 
MODULES="java.base java.compiler java.datatransfer java.xml java.prefs java.desktop java.instrument java.logging java.management java.security.sasl java.naming java.rmi java.management.rmi java.net.http java.scripting java.security.jgss java.transaction.xa java.sql java.sql.rowset java.xml.crypto java.se java.smartcardio jdk.accessibility jdk.internal.jvmstat jdk.attach jdk.charsets jdk.internal.opt jdk.zipfs jdk.compiler jdk.crypto.ec jdk.crypto.cryptoki jdk.crypto.mscapi jdk.dynalink jdk.internal.ed jdk.editpad jdk.hotspot.agent jdk.httpserver jdk.internal.le jdk.internal.vm.ci jdk.internal.vm.compiler jdk.internal.vm.compiler.management jdk.jartool jdk.javadoc jdk.jcmd jdk.management jdk.management.agent jdk.jconsole jdk.jdeps jdk.jdwp.agent jdk.jdi jdk.jfr jdk.jshell jdk.jsobject jdk.jstatd jdk.localedata jdk.management.jfr jdk.naming.dns jdk.naming.rmi jdk.net jdk.nio.mapmode jdk.random jdk.sctp jdk.security.auth jdk.security.jgss jdk.unsupported jdk.unsupported.desktop jdk.xml.dom" 

Environment Variables:
JAVA_HOME=E:\jdk-21.0.2
PATH=C:\Program Files\Eclipse Adoptium\jdk-21.0.10.7-hotspot\bin;C:\Program Files\Microsoft\jdk-17.0.18.8-hotspot\bin;C:\WINDOWS\system32;C:\WINDOWS;C:\WINDOWS\System32\Wbem;C:\WINDOWS\System32\WindowsPowerShell\v1.0\;C:\WINDOWS\System32\OpenSSH\;C:\Program Files (x86)\CheckPoint\Endpoint Security\Endpoint Common\bin;C:\Program Files\Git\cmd;C:\Program Files\nodejs\;E:\apache-maven-3.9.12\bin;E:\jdk-21.0.2\bin;C:\Users\pareshkumarl\AppData\Local\Microsoft\WindowsApps;C:\Users\pareshkumarl\AppData\Local\Programs\Microsoft VS Code\bin;C:\Users\pareshkumarl\AppData\Roaming\npm
USERNAME=pareshkumarl
OS=Windows_NT
PROCESSOR_IDENTIFIER=Intel64 Family 6 Model 173 Stepping 1, GenuineIntel
TMP=C:\Users\PARESH~1\AppData\Local\Temp
TEMP=C:\Users\PARESH~1\AppData\Local\Temp




Periodic native trim disabled

---------------  S Y S T E M  ---------------

OS:
 Windows 11 , 64 bit Build 26100 (10.0.26100.8875)
OS uptime: 5 days 4:08 hours
Hyper-V role detected

CPU: total 4 (initial active 4) (4 cores per cpu, 1 threads per core) family 6 model 173 stepping 1 microcode 0x10003d0, cx8, cmov, fxsr, mmx, 3dnowpref, sse, sse2, sse3, ssse3, sse4.1, sse4.2, popcnt, lzcnt, tsc, tscinvbit, avx, avx2, aes, erms, clmul, bmi1, bmi2, adx, avx512f, avx512dq, avx512cd, avx512bw, avx512vl, sha, fma, vzeroupper, avx512_vpopcntdq, avx512_vpclmulqdq, avx512_vaes, avx512_vnni, clflush, clflushopt, clwb, avx512_vbmi2, avx512_vbmi, hv, serialize, rdtscp, rdpid, fsrm, gfni, avx512_bitalg, f16c, cet_ss, avx512_ifma
Processor Information for the first 4 processors :
  Max Mhz: 2500, Current Mhz: 2500, Mhz Limit: 2500

Memory: 4k page, system-wide physical 16382M (805M free)
TotalPageFile size 29167M (AvailPageFile size 4M)
current process WorkingSet (physical memory assigned to process): 403M, peak: 1284M
current process commit charge ("private bytes"): 1473M, peak: 1475M

vm_info: OpenJDK 64-Bit Server VM (21.0.11+10-LTS) for windows-amd64 JRE (21.0.11+10-LTS), built on 2026-04-21T00:00:00Z by "admin" with MS VC++ 17.12 (VS2022)

END.
