
  .   ____          _            __ _ _
 /\\ / ___'_ __ _ _(_)_ __  __ _ \ \ \ \
( ( )\___ | '_ | '_| | '_ \/ _` | \ \ \ \
 \\/  ___)| |_)| | | | | || (_| |  ) ) ) )
  '  |____| .__|_| |_|_| |_\__, | / / / /
 =========|_|==============|___/=/_/_/_/

 :: Spring Boot ::                (v4.0.7)

2026-07-23T11:00:08.942+05:30  INFO 19496 --- [Policy] [           main] P.Policy.PolicyApplication               : Starting PolicyApplication v0.0.1-SNAPSHOT using Java 21.0.2 with PID 19496 (E:\Features on git\policy-managament\TnH_FrontDesk_API\Policy\target\Policy-0.0.1-SNAPSHOT.jar started by nikhilki in E:\Features on git\policy-managament\TnH_FrontDesk_API\Policy)
2026-07-23T11:00:09.128+05:30  INFO 19496 --- [Policy] [           main] P.Policy.PolicyApplication               : The following 1 profile is active: "local"
2026-07-23T11:00:12.883+05:30  INFO 19496 --- [Policy] [           main] .s.d.r.c.RepositoryConfigurationDelegate : Bootstrapping Spring Data JPA repositories in DEFAULT mode.
2026-07-23T11:00:13.072+05:30  INFO 19496 --- [Policy] [           main] .s.d.r.c.RepositoryConfigurationDelegate : Finished Spring Data repository scanning in 135 ms. Found 1 JPA repository interface.
2026-07-23T11:00:15.334+05:30  INFO 19496 --- [Policy] [           main] o.s.boot.tomcat.TomcatWebServer          : Tomcat initialized with port 8085 (http)
2026-07-23T11:00:15.388+05:30  INFO 19496 --- [Policy] [           main] o.apache.catalina.core.StandardService   : Starting service [Tomcat]
2026-07-23T11:00:15.395+05:30  INFO 19496 --- [Policy] [           main] o.apache.catalina.core.StandardEngine    : Starting Servlet engine: [Apache Tomcat/11.0.22]
2026-07-23T11:00:15.509+05:30  INFO 19496 --- [Policy] [           main] b.w.c.s.WebApplicationContextInitializer : Root WebApplicationContext: initialization completed in 5981 ms
2026-07-23T11:00:15.657+05:30  INFO 19496 --- [Policy] [           main] o.s.boot.web.servlet.RegistrationBean    : Filter authFilterRegistration was not registered (disabled)
2026-07-23T11:00:16.505+05:30  INFO 19496 --- [Policy] [           main] org.hibernate.orm.jpa                    : HHH008540: Processing PersistenceUnitInfo [name: default]
2026-07-23T11:00:16.720+05:30  INFO 19496 --- [Policy] [           main] org.hibernate.orm.core                   : HHH000001: Hibernate ORM core version 7.2.19.Final
2026-07-23T11:00:18.338+05:30  INFO 19496 --- [Policy] [           main] o.s.o.j.p.SpringPersistenceUnitInfo      : No LoadTimeWeaver setup: ignoring JPA class transformer
2026-07-23T11:00:18.452+05:30  INFO 19496 --- [Policy] [           main] com.zaxxer.hikari.HikariDataSource       : HikariPool-1 - Starting...
2026-07-23T11:00:19.176+05:30  INFO 19496 --- [Policy] [           main] com.zaxxer.hikari.pool.HikariPool        : HikariPool-1 - Added connection conn0: url=jdbc:h2:mem:policydb user=SA
2026-07-23T11:00:19.189+05:30  INFO 19496 --- [Policy] [           main] com.zaxxer.hikari.HikariDataSource       : HikariPool-1 - Start completed.
2026-07-23T11:00:19.390+05:30  INFO 19496 --- [Policy] [           main] org.hibernate.orm.connections.pooling    : HHH10001005: Database info:
	Database JDBC URL [jdbc:h2:mem:policydb]
	Database driver: H2 JDBC Driver
	Database dialect: H2Dialect
	Database version: 2.4.240
	Default catalog/schema: POLICYDB/PUBLIC
	Autocommit mode: undefined/unknown
	Isolation level: READ_COMMITTED [default READ_COMMITTED]
	JDBC fetch size: 100
	Pool: DataSourceConnectionProvider
	Minimum pool size: undefined/unknown
	Maximum pool size: undefined/unknown
2026-07-23T11:00:22.108+05:30  INFO 19496 --- [Policy] [           main] org.hibernate.orm.core                   : HHH000489: No JTA platform available (set 'hibernate.transaction.jta.platform' to enable JTA platform integration)
2026-07-23T11:00:22.380+05:30 DEBUG 19496 --- [Policy] [           main] org.hibernate.SQL                        : 
    create table policies (
        id bigint generated by default as identity,
        action varchar(255),
        created_by varchar(255) not null,
        description text,
        effective_date date,
        effective_to date,
        policy_category varchar(255) not null,
        policy_code varchar(255) not null,
        policy_count integer,
        policy_name varchar(200) not null,
        policy_type varchar(255) not null,
        priority integer,
        service_type varchar(255) not null,
        status enum ('ACTIVE','DRAFT','EXPIRED','INACTIVE','PENDING','PUBLISHED') not null,
        used_by varchar(255) not null,
        primary key (id)
    )
Hibernate: 
    create table policies (
        id bigint generated by default as identity,
        action varchar(255),
        created_by varchar(255) not null,
        description text,
        effective_date date,
        effective_to date,
        policy_category varchar(255) not null,
        policy_code varchar(255) not null,
        policy_count integer,
        policy_name varchar(200) not null,
        policy_type varchar(255) not null,
        priority integer,
        service_type varchar(255) not null,
        status enum ('ACTIVE','DRAFT','EXPIRED','INACTIVE','PENDING','PUBLISHED') not null,
        used_by varchar(255) not null,
        primary key (id)
    )
2026-07-23T11:00:22.443+05:30  INFO 19496 --- [Policy] [           main] j.LocalContainerEntityManagerFactoryBean : Initialized JPA EntityManagerFactory for persistence unit 'default'
2026-07-23T11:00:22.782+05:30  INFO 19496 --- [Policy] [           main] o.s.d.j.r.query.QueryEnhancerFactories   : Hibernate is in classpath; If applicable, HQL parser will be used.
2026-07-23T11:00:25.622+05:30  WARN 19496 --- [Policy] [           main] JpaBaseConfiguration$JpaWebConfiguration : spring.jpa.open-in-view is enabled by default. Therefore, database queries may be performed during view rendering. Explicitly configure spring.jpa.open-in-view to disable this warning
2026-07-23T11:00:25.987+05:30  WARN 19496 --- [Policy] [           main] .s.a.UserDetailsServiceAutoConfiguration : 

Using generated security password: 69a4c75b-c22c-4a35-9d70-b34449061367

This generated password is for development use only. Your security configuration must be updated before running your application in production.

2026-07-23T11:00:26.028+05:30  INFO 19496 --- [Policy] [           main] r$InitializeUserDetailsManagerConfigurer : Global AuthenticationManager configured with UserDetailsService bean with name inMemoryUserDetailsManager
2026-07-23T11:00:28.560+05:30  INFO 19496 --- [Policy] [           main] o.s.boot.tomcat.TomcatWebServer          : Tomcat started on port 8085 (http) with context path '/'
2026-07-23T11:00:28.610+05:30  INFO 19496 --- [Policy] [           main] P.Policy.PolicyApplication               : Started PolicyApplication in 22.245 seconds (process running for 24.392)
2026-07-23T11:00:28.630+05:30  WARN 19496 --- [Policy] [           main] o.s.core.events.SpringDocAppInitializer  : SpringDoc /v3/api-docs endpoint is enabled by default. To disable it in production, set the property 'springdoc.api-docs.enabled=false'
2026-07-23T11:00:28.635+05:30  WARN 19496 --- [Policy] [           main] o.s.core.events.SpringDocAppInitializer  : SpringDoc /swagger-ui.html endpoint is enabled by default. To disable it in production, set the property 'springdoc.swagger-ui.enabled=false'
